
C:\C3NT\cent\CENTSystem\build>IF "" == "debug" (
set BUILD_MODE=-dDebug
 set post_fix="d"
)  ELSE (
set BUILD_MODE=
 set post_fix=""
)

C:\C3NT\cent\CENTSystem\build>REM cleanup so that we do not include output from
 previous build

C:\C3NT\cent\CENTSystem\build>del /F /Q ..\OVScenarios\release\4Channels\CentSce
narios4.wxs
Could Not Find C:\C3NT\cent\CENTSystem\OVScenarios\release\4Channels\CentScenari
os4.wxs

C:\C3NT\cent\CENTSystem\build>heat dir ..\OVScenarios\release\4Channels -cg Cent
Scenarios4 -var sys.SOURCEFILEDIR -dr CHANNELS_4 -gg -srd -o ..\OVScenarios\rele
ase\4Channels\CentScenarios4.wxs
Windows Installer Xml Toolset Harvester version 3.6.3303.0
Copyright (C) Outercurve Foundation. All rights reserved.

********************************************************* OK

C:\C3NT\cent\CENTSystem\build>del /F /Q ..\OVScenarios\release\8Channels\CentSce
narios8.wxs
Could Not Find C:\C3NT\cent\CENTSystem\OVScenarios\release\8Channels\CentScenari
os8.wxs

C:\C3NT\cent\CENTSystem\build>heat dir ..\OVScenarios\release\8Channels -cg Cent
Scenarios8 -var sys.SOURCEFILEDIR -dr CHANNELS_8 -gg -srd -o ..\OVScenarios\rele
ase\8Channels\CentScenarios8.wxs
Windows Installer Xml Toolset Harvester version 3.6.3303.0
Copyright (C) Outercurve Foundation. All rights reserved.

********************************************************* OK


C:\C3NT\cent\CENTSystem\build>heat dir ..\files\Tutorials -cg CentGamesTutorials
 -var sys.SOURCEFILEDIR -dr PLUGINS -gg  -o ..\files\Tutorials\CentGamesTutorial
s.wxs
Windows Installer Xml Toolset Harvester version 3.6.3303.0
Copyright (C) Outercurve Foundation. All rights reserved.

heat.exe : error HEAT5052 : The directory 'C:\C3NT\cent\CENTSystem\files\Tutoria
ls' could not be found.

********************************************************* FAIL


C:\C3NT\cent\CENTSystem\build>candle  ..\OVScenarios\release\4Channels\CentScena
rios4.wxs ..\OVScenarios\release\8Channels\CentScenarios8.wxs ..\files\Tutorials
\CentGamesTutorials.wxs CENTInstaller.wxs  CentOVDirDlg.wxs CentWixUi_InstallDir
.wxs CentBrowseDlg.wxs CentDataDirDlg.wxs -out output\obj\
candle.exe : error CNDL0103 : The system cannot find the file '..\files\Tutorial
s\CentGamesTutorials.wxs' with type 'Source'.

C:\C3NT\cent\CENTSystem\build>light -ext WixUIExtension.dll output\obj\CentScena
rios4.wixobj output\obj\CentScenarios8.wixobj output\obj\CentGamesTutorials.wixo
bj output\obj\CENTInstaller.wixobj  output\obj\CentOVDirDlg.wixobj output\obj\Ce
ntWixUi_InstallDir.wixobj output\obj\CentBrowseDlg.wixobj output\obj\CentDataDir
Dlg.wixobj -o output\CENTInstaller"".msi
light.exe : error LGHT0103 : The system cannot find the file 'output\obj\CentSce
narios4.wixobj' with type 'Source'.

C:\C3NT\cent\CENTSystem\build>REM msiexec /I output\CENTInstaller.msi /l*v outpu
t\log.txt